[www.themenate.net/elstar-html/img/favicon.ico]
[backblue.gif]
[fade.gif]
[index.html]
[www.themenate.net/elstar-html/img/logo/logo-light-full.png]
[www.themenate.net/elstar-html/img/countries/us.png]
[www.themenate.net/elstar-html/img/countries/cn.png]
[www.themenate.net/elstar-html/img/countries/sp.png]
[www.themenate.net/elstar-html/img/countries/ar.png]
[www.themenate.net/elstar-html/img/avatars/thumb-8.jpg]
[www.themenate.net/elstar-html/img/avatars/thumb-4.jpg]
[www.themenate.net/elstar-html/img/avatars/thumb-1.jpg]
[www.themenate.net/elstar-html/img/thumbs/layouts/classic.jpg]
[www.themenate.net/elstar-html/img/thumbs/layouts/classic-dark.jpg]
[www.themenate.net/elstar-html/img/thumbs/layouts/modern.jpg]
[www.themenate.net/elstar-html/img/thumbs/layouts/modern-dark.jpg]
[www.themenate.net/elstar-html/img/thumbs/layouts/stackedSide.jpg]
[www.themenate.net/elstar-html/img/thumbs/layouts/stackedSide-dark.jpg]
[www.themenate.net/elstar-html/img/thumbs/layouts/simple.jpg]
[www.themenate.net/elstar-html/img/thumbs/layouts/simple-dark.jpg]
[www.themenate.net/elstar-html/img/thumbs/layouts/decked.jpg]
[www.themenate.net/elstar-html/img/thumbs/layouts/decked-dark.jpg]
[www.themenate.net/elstar-html/img/avatars/thumb-2.jpg]
[www.themenate.net/elstar-html/img/avatars/thumb-3.jpg]
[www.themenate.net/elstar-html/img/avatars/thumb-5.jpg]
[www.themenate.net/elstar-html/img/avatars/thumb-10.jpg]
[www.themenate.net/elstar-html/img/avatars/thumb-6.jpg]
[www.themenate.net/elstar-html/js/vendors.min.js]
[www.themenate.net/elstar-html/vendors/apexcharts/apexcharts.js]
[www.themenate.net/elstar-html/js/pages/project-dashboard.js]
[www.themenate.net/elstar-html/js/app.min.js]
[www.themenate.net/elstar-html/modern-project-dashboard.html]
[www.themenate.net/elstar-html/css/style.css]
[www.themenate.net/elstar-html/img/avatars/thumb-11.jpg]
[www.themenate.net/elstar-html/img/avatars/thumb-13.jpg]
[www.themenate.net/elstar-html/img/avatars/thumb-15.jpg]
[www.themenate.net/elstar-html/img/avatars/thumb-12.jpg]
[www.themenate.net/elstar-html/modern-project-list.html]
[www.themenate.net/elstar-html/img/avatars/thumb-9.jpg]
[www.themenate.net/elstar-html/img/avatars/thumb-7.jpg]
[www.themenate.net/elstar-html/vendors/dragula/dragula.min.js]
[www.themenate.net/elstar-html/js/pages/scrum-board.js]
[www.themenate.net/elstar-html/modern-scrum-board.html]
[www.themenate.net/elstar-html/modern-issue.html]
[www.themenate.net/elstar-html/vendors/jqvmap/jquery.vmap.js]
[www.themenate.net/elstar-html/vendors/jqvmap/maps/jquery.vmap.world.js]
[www.themenate.net/elstar-html/js/pages/crm-dashboard.js]
[www.themenate.net/elstar-html/modern-crm-dashboard.html]
[www.themenate.net/elstar-html/vendors/fullcalendar/dist/index.global.min.js]
[www.themenate.net/elstar-html/js/pages/calendar.js]
[www.themenate.net/elstar-html/modern-calendar.html]
[www.themenate.net/elstar-html/img/avatars/thumb-14.jpg]
[www.themenate.net/elstar-html/vendors/datatables/jquery.dataTables.min.js]
[www.themenate.net/elstar-html/vendors/datatables/dataTables.custom-ui.min.js]
[www.themenate.net/elstar-html/js/pages/customers.js]
[www.themenate.net/elstar-html/modern-customers.html]
[www.themenate.net/elstar-html/img/others/img-8.png]
[www.themenate.net/elstar-html/img/others/img-9.png]
[www.themenate.net/elstar-html/modern-customer-details.html]
[www.themenate.net/elstar-html/img/avatars/thumb-16.jpg]
[www.themenate.net/elstar-html/js/pages/mail.js]
[www.themenate.net/elstar-html/modern-mail.html]
[www.themenate.net/elstar-html/img/products/product-1.jpg]
[www.themenate.net/elstar-html/img/products/product-3.jpg]
[www.themenate.net/elstar-html/img/products/product-4.jpg]
[www.themenate.net/elstar-html/img/products/product-5.jpg]
[www.themenate.net/elstar-html/img/products/product-7.jpg]
[www.themenate.net/elstar-html/js/pages/sales-dashboard.js]
[www.themenate.net/elstar-html/modern-sales-dashboard.html]
[www.themenate.net/elstar-html/img/products/product-2.jpg]
[www.themenate.net/elstar-html/img/products/product-6.jpg]
[www.themenate.net/elstar-html/img/products/product-8.jpg]
[www.themenate.net/elstar-html/img/products/product-9.jpg]
[www.themenate.net/elstar-html/img/products/product-10.jpg]
[www.themenate.net/elstar-html/img/products/product-11.jpg]
[www.themenate.net/elstar-html/img/products/product-12.jpg]
[www.themenate.net/elstar-html/js/pages/product-list.js]
[www.themenate.net/elstar-html/modern-product-list.html]
[www.themenate.net/elstar-html/img/products/product-1-2.jpg]
[www.themenate.net/elstar-html/img/products/product-1-3.jpg]
[www.themenate.net/elstar-html/img/products/product-1-4.jpg]
[www.themenate.net/elstar-html/img/others/upload.png]
[www.themenate.net/elstar-html/vendors/quill/quill.min.js]
[www.themenate.net/elstar-html/js/pages/product-edit.js]
[www.themenate.net/elstar-html/modern-product-edit.html]
[www.themenate.net/elstar-html/js/pages/new-product.js]
[www.themenate.net/elstar-html/modern-new-product.html]
[www.themenate.net/elstar-html/img/others/img-10.png]
[www.themenate.net/elstar-html/js/pages/order-list.js]
[www.themenate.net/elstar-html/modern-order-list.html]
[www.themenate.net/elstar-html/img/others/img-11.jpg]
[www.themenate.net/elstar-html/modern-order-details.html]
[www.themenate.net/elstar-html/img/thumbs/bitcoin.png]
[www.themenate.net/elstar-html/img/thumbs/ethereum.png]
[www.themenate.net/elstar-html/img/thumbs/solana.png]
[www.themenate.net/elstar-html/img/thumbs/litecoin.png]
[www.themenate.net/elstar-html/img/thumbs/tether-us.png]
[www.themenate.net/elstar-html/img/thumbs/doge.png]
[www.themenate.net/elstar-html/js/pages/crypto-dashboard.js]
[www.themenate.net/elstar-html/modern-crypto-dashboard.html]
[www.themenate.net/elstar-html/js/pages/portfolio.js]
[www.themenate.net/elstar-html/modern-portfolio.html]
[www.themenate.net/elstar-html/img/thumbs/polkadot.png]
[www.themenate.net/elstar-html/img/thumbs/tron.png]
[www.themenate.net/elstar-html/img/thumbs/avalanche.png]
[www.themenate.net/elstar-html/img/thumbs/shiba-inu.png]
[www.themenate.net/elstar-html/img/thumbs/polygon.png]
[www.themenate.net/elstar-html/img/thumbs/stellar-lumens.png]
[www.themenate.net/elstar-html/img/thumbs/eos.png]
[www.themenate.net/elstar-html/js/pages/market.js]
[www.themenate.net/elstar-html/modern-market.html]
[www.themenate.net/elstar-html/js/pages/wallets.js]
[www.themenate.net/elstar-html/modern-wallets.html]
[www.themenate.net/elstar-html/img/thumbs/help-center-category-0.png]
[www.themenate.net/elstar-html/img/thumbs/help-center-category-1.png]
[www.themenate.net/elstar-html/img/thumbs/help-center-category-2.png]
[www.themenate.net/elstar-html/img/thumbs/help-center-category-3.png]
[www.themenate.net/elstar-html/img/thumbs/help-center-category-4.png]
[www.themenate.net/elstar-html/img/thumbs/help-center-category-5.png]
[www.themenate.net/elstar-html/img/thumbs/help-center-category-6.png]
[www.themenate.net/elstar-html/img/thumbs/help-center-category-7.png]
[www.themenate.net/elstar-html/js/pages/help-center.js]
[www.themenate.net/elstar-html/modern-help-center.html]
[www.themenate.net/elstar-html/modern-article.html]
[www.themenate.net/elstar-html/modern-manage-articles.html]
[www.themenate.net/elstar-html/js/pages/edit-article.js]
[www.themenate.net/elstar-html/modern-edit-article.html]
[www.themenate.net/elstar-html/img/thumbs/google-drive.png]
[www.themenate.net/elstar-html/img/thumbs/slack.png]
[www.themenate.net/elstar-html/img/thumbs/notion.png]
[www.themenate.net/elstar-html/img/thumbs/jira.png]
[www.themenate.net/elstar-html/img/thumbs/zendesk.png]
[www.themenate.net/elstar-html/img/thumbs/dropbox.png]
[www.themenate.net/elstar-html/img/thumbs/github.png]
[www.themenate.net/elstar-html/img/thumbs/gitlab.png]
[www.themenate.net/elstar-html/img/thumbs/figma.png]
[www.themenate.net/elstar-html/img/thumbs/adobe-xd.png]
[www.themenate.net/elstar-html/img/thumbs/sketch.png]
[www.themenate.net/elstar-html/img/thumbs/hubspot.png]
[www.themenate.net/elstar-html/img/thumbs/zapier.png]
[www.themenate.net/elstar-html/modern-settings.html]
[www.themenate.net/elstar-html/modern-invoice.html]
[www.themenate.net/elstar-html/modern-activity-log.html]
[www.themenate.net/elstar-html/img/thumbs/passport.png]
[www.themenate.net/elstar-html/img/thumbs/passport-data.png]
[www.themenate.net/elstar-html/img/others/pending-approval.png]
[www.themenate.net/elstar-html/js/pages/kyc-form.js]
[www.themenate.net/elstar-html/modern-kyc-form.html]
[www.themenate.net/elstar-html/modern-button.html]
[www.themenate.net/elstar-html/modern-grid.html]
[www.themenate.net/elstar-html/modern-typography.html]
[www.themenate.net/elstar-html/js/pages/icons-demo.js]
[www.themenate.net/elstar-html/modern-icons.html]
[www.themenate.net/elstar-html/modern-alert.html]
[www.themenate.net/elstar-html/modern-dialog.html]
[www.themenate.net/elstar-html/modern-drawer.html]
[www.themenate.net/elstar-html/modern-progress.html]
[www.themenate.net/elstar-html/modern-skeleton.html]
[www.themenate.net/elstar-html/modern-spinner.html]
[www.themenate.net/elstar-html/modern-toast.html]
[www.themenate.net/elstar-html/modern-avatar.html]
[www.themenate.net/elstar-html/modern-badge.html]
[www.themenate.net/elstar-html/img/others/img-1.jpg]
[www.themenate.net/elstar-html/modern-card.html]
[www.themenate.net/elstar-html/js/pages/table-demo.js]
[www.themenate.net/elstar-html/modern-table.html]
[www.themenate.net/elstar-html/modern-tag.html]
[www.themenate.net/elstar-html/modern-timeline.html]
[www.themenate.net/elstar-html/modern-tooltip.html]
[www.themenate.net/elstar-html/modern-checkbox.html]
[www.themenate.net/elstar-html/modern-date-picker.html]
[www.themenate.net/elstar-html/vendors/jquery-validation/jquery.validate.min.js]
[www.themenate.net/elstar-html/js/pages/form-demo.js]
[www.themenate.net/elstar-html/modern-form.html]
[www.themenate.net/elstar-html/modern-input.html]
[www.themenate.net/elstar-html/modern-input-group.html]
[www.themenate.net/elstar-html/modern-radio.html]
[www.themenate.net/elstar-html/modern-segment.html]
[www.themenate.net/elstar-html/modern-select.html]
[www.themenate.net/elstar-html/modern-switcher.html]
[www.themenate.net/elstar-html/modern-dropdown.html]
[www.themenate.net/elstar-html/modern-menu.html]
[www.themenate.net/elstar-html/modern-pagination.html]
[www.themenate.net/elstar-html/modern-steps.html]
[www.themenate.net/elstar-html/modern-tabs.html]
[www.themenate.net/elstar-html/js/pages/chart-demo.js]
[www.themenate.net/elstar-html/modern-chart.html]
[www.themenate.net/elstar-html/vendors/jqvmap/maps/jquery.vmap.usa.js]
[www.themenate.net/elstar-html/js/pages/maps-demo.js]
[www.themenate.net/elstar-html/modern-maps.html]
[www.themenate.net/elstar-html/img/logo/logo-light-streamline.png]
[www.themenate.net/elstar-html/signin-simple.html]
[www.themenate.net/elstar-html/img/others/auth-side-bg.jpg]
[www.themenate.net/elstar-html/img/logo/logo-dark-full.png]
[www.themenate.net/elstar-html/signin-side.html]
[www.themenate.net/elstar-html/img/others/auth-cover-bg.jpg]
[www.themenate.net/elstar-html/signin-cover.html]
[www.themenate.net/elstar-html/signup-simple.html]
[www.themenate.net/elstar-html/signup-side.html]
[www.themenate.net/elstar-html/signup-cover.html]
[www.themenate.net/elstar-html/forget-password-simple.html]
[www.themenate.net/elstar-html/forget-password-side.html]
[www.themenate.net/elstar-html/forget-password-cover.html]
[www.themenate.net/elstar-html/reset-password-simple.html]
[www.themenate.net/elstar-html/reset-password-side.html]
[www.themenate.net/elstar-html/reset-password-cover.html]
[www.themenate.net/elstar-html/img/others/welcome.png]
[www.themenate.net/elstar-html/js/pages/welcome.js]
[www.themenate.net/elstar-html/modern-welcome.html]
[www.themenate.net/elstar-html/img/others/img-2.png]
[www.themenate.net/elstar-html/modern-access-denied.html]
[www.themenate.net/elstar-html/stacked-side-project-dashboard.html]
[www.themenate.net/elstar-html/stacked-side-project-list.html]
[www.themenate.net/elstar-html/stacked-side-scrum-board.html]
[www.themenate.net/elstar-html/stacked-side-issue.html]
[www.themenate.net/elstar-html/stacked-side-crm-dashboard.html]
[www.themenate.net/elstar-html/stacked-side-calendar.html]
[www.themenate.net/elstar-html/stacked-side-customers.html]
[www.themenate.net/elstar-html/stacked-side-customer-details.html]
[www.themenate.net/elstar-html/stacked-side-mail.html]
[www.themenate.net/elstar-html/stacked-side-sales-dashboard.html]
[www.themenate.net/elstar-html/stacked-side-product-list.html]
[www.themenate.net/elstar-html/stacked-side-product-edit.html]
[www.themenate.net/elstar-html/stacked-side-new-product.html]
[www.themenate.net/elstar-html/stacked-side-order-list.html]
[www.themenate.net/elstar-html/stacked-side-order-details.html]
[www.themenate.net/elstar-html/stacked-side-crypto-dashboard.html]
[www.themenate.net/elstar-html/stacked-side-portfolio.html]
[www.themenate.net/elstar-html/stacked-side-market.html]
[www.themenate.net/elstar-html/stacked-side-wallets.html]
[www.themenate.net/elstar-html/stacked-side-help-center.html]
[www.themenate.net/elstar-html/stacked-side-article.html]
[www.themenate.net/elstar-html/stacked-side-manage-articles.html]
[www.themenate.net/elstar-html/stacked-side-edit-article.html]
[www.themenate.net/elstar-html/stacked-side-settings.html]
[www.themenate.net/elstar-html/stacked-side-invoice.html]
[www.themenate.net/elstar-html/stacked-side-activity-log.html]
[www.themenate.net/elstar-html/stacked-side-kyc-form.html]
[www.themenate.net/elstar-html/stacked-side-button.html]
[www.themenate.net/elstar-html/stacked-side-grid.html]
[www.themenate.net/elstar-html/stacked-side-typography.html]
[www.themenate.net/elstar-html/stacked-side-icons.html]
[www.themenate.net/elstar-html/stacked-side-alert.html]
[www.themenate.net/elstar-html/stacked-side-dialog.html]
[www.themenate.net/elstar-html/stacked-side-drawer.html]
[www.themenate.net/elstar-html/stacked-side-progress.html]
[www.themenate.net/elstar-html/stacked-side-skeleton.html]
[www.themenate.net/elstar-html/stacked-side-spinner.html]
[www.themenate.net/elstar-html/stacked-side-toast.html]
[www.themenate.net/elstar-html/stacked-side-avatar.html]
[www.themenate.net/elstar-html/stacked-side-badge.html]
[www.themenate.net/elstar-html/stacked-side-card.html]
[www.themenate.net/elstar-html/stacked-side-table.html]
[www.themenate.net/elstar-html/stacked-side-tag.html]
[www.themenate.net/elstar-html/stacked-side-timeline.html]
[www.themenate.net/elstar-html/stacked-side-tooltip.html]
[www.themenate.net/elstar-html/stacked-side-checkbox.html]
[www.themenate.net/elstar-html/stacked-side-date-picker.html]
[www.themenate.net/elstar-html/stacked-side-form.html]
[www.themenate.net/elstar-html/stacked-side-input.html]
[www.themenate.net/elstar-html/stacked-side-input-group.html]
[www.themenate.net/elstar-html/stacked-side-radio.html]
[www.themenate.net/elstar-html/stacked-side-segment.html]
[www.themenate.net/elstar-html/stacked-side-select.html]
[www.themenate.net/elstar-html/stacked-side-switcher.html]
[www.themenate.net/elstar-html/stacked-side-dropdown.html]
[www.themenate.net/elstar-html/stacked-side-menu.html]
[www.themenate.net/elstar-html/stacked-side-pagination.html]
[www.themenate.net/elstar-html/stacked-side-steps.html]
[www.themenate.net/elstar-html/stacked-side-tabs.html]
[www.themenate.net/elstar-html/stacked-side-chart.html]
[www.themenate.net/elstar-html/stacked-side-maps.html]
[www.themenate.net/elstar-html/stacked-side-welcome.html]
[www.themenate.net/elstar-html/stacked-side-access-denied.html]
[www.themenate.net/elstar-html/forgot-password-simple.html]
[www.themenate.net/elstar-html/forgot-password-side.html]
[www.themenate.net/elstar-html/classic-activity-log.html]
[www.themenate.net/elstar-html/classic-settings.html]
[www.themenate.net/elstar-html/classic-project-dashboard.html]
[www.themenate.net/elstar-html/classic-project-list.html]
[www.themenate.net/elstar-html/classic-scrum-board.html]
[www.themenate.net/elstar-html/classic-issue.html]
[www.themenate.net/elstar-html/classic-crm-dashboard.html]
[www.themenate.net/elstar-html/classic-calendar.html]
[www.themenate.net/elstar-html/classic-customers.html]
[www.themenate.net/elstar-html/classic-customer-details.html]
[www.themenate.net/elstar-html/classic-mail.html]
[www.themenate.net/elstar-html/classic-sales-dashboard.html]
[www.themenate.net/elstar-html/classic-product-list.html]
[www.themenate.net/elstar-html/classic-product-edit.html]
[www.themenate.net/elstar-html/classic-new-product.html]
[www.themenate.net/elstar-html/classic-order-list.html]
[www.themenate.net/elstar-html/classic-order-details.html]
[www.themenate.net/elstar-html/classic-crypto-dashboard.html]
[www.themenate.net/elstar-html/classic-portfolio.html]
[www.themenate.net/elstar-html/classic-market.html]
[www.themenate.net/elstar-html/classic-wallets.html]
[www.themenate.net/elstar-html/classic-help-center.html]
[www.themenate.net/elstar-html/classic-article.html]
[www.themenate.net/elstar-html/classic-manage-articles.html]
[www.themenate.net/elstar-html/classic-edit-article.html]
[www.themenate.net/elstar-html/classic-invoice.html]
[www.themenate.net/elstar-html/classic-kyc-form.html]
[www.themenate.net/elstar-html/classic-button.html]
[www.themenate.net/elstar-html/classic-grid.html]
[www.themenate.net/elstar-html/classic-typography.html]
[www.themenate.net/elstar-html/classic-icons.html]
[www.themenate.net/elstar-html/classic-alert.html]
[www.themenate.net/elstar-html/classic-dialog.html]
[www.themenate.net/elstar-html/classic-drawer.html]
[www.themenate.net/elstar-html/classic-progress.html]
[www.themenate.net/elstar-html/classic-skeleton.html]
[www.themenate.net/elstar-html/classic-spinner.html]
[www.themenate.net/elstar-html/classic-toast.html]
[www.themenate.net/elstar-html/classic-avatar.html]
[www.themenate.net/elstar-html/classic-badge.html]
[www.themenate.net/elstar-html/classic-card.html]
[www.themenate.net/elstar-html/classic-table.html]
[www.themenate.net/elstar-html/classic-tag.html]
[www.themenate.net/elstar-html/classic-timeline.html]
[www.themenate.net/elstar-html/classic-tooltip.html]
[www.themenate.net/elstar-html/classic-checkbox.html]
[www.themenate.net/elstar-html/classic-date-picker.html]
[www.themenate.net/elstar-html/classic-form.html]
[www.themenate.net/elstar-html/classic-input.html]
[www.themenate.net/elstar-html/classic-input-group.html]
[www.themenate.net/elstar-html/classic-radio.html]
[www.themenate.net/elstar-html/classic-segment.html]
[www.themenate.net/elstar-html/classic-select.html]
[www.themenate.net/elstar-html/classic-switcher.html]
[www.themenate.net/elstar-html/classic-dropdown.html]
[www.themenate.net/elstar-html/classic-menu.html]
[www.themenate.net/elstar-html/classic-pagination.html]
[www.themenate.net/elstar-html/classic-steps.html]
[www.themenate.net/elstar-html/classic-tabs.html]
[www.themenate.net/elstar-html/classic-chart.html]
[www.themenate.net/elstar-html/classic-maps.html]
[www.themenate.net/elstar-html/classic-welcome.html]
[www.themenate.net/elstar-html/classic-access-denied.html]
